Namespace(weights=['runs\\train\\exp\\weights\\best.pt'], source='C:\\Users\\prana\\Desktop\\Internship\\yolov7\\custom_test_1', img_size=640, conf_thres=0.25, iou_thres=0.45, device='', view_img=False, save_txt=False, save_conf=False, nosave=False, classes=None, agnostic_nms=False, augment=False, update=False, project='runs/detect', name='exp', exist_ok=False, no_trace=False)
Fusing layers... 
RepConv.fuse_repvgg_block
RepConv.fuse_repvgg_block
RepConv.fuse_repvgg_block
IDetect.fuse
 Convert model to Traced-model... 
 traced_script_module saved! 
 model is traced! 

3 Products, Done. (1328.0ms) Inference, (0.0ms) NMS
 The image with the result is saved in: runs\detect\exp\Liverpool_cam04_630_Clip2_vk1_integrated_15_08_23_frame_315.jpg
3 Products, Done. (1116.9ms) Inference, (0.0ms) NMS
 The image with the result is saved in: runs\detect\exp\Liverpool_cam04_630_Clip2_vk1_integrated_15_08_23_frame_318.jpg
4 Products, Done. (1051.7ms) Inference, (0.0ms) NMS
 The image with the result is saved in: runs\detect\exp\Liverpool_cam04_630_Clip2_vk1_integrated_15_08_23_frame_319.jpg
4 Products, Done. (1114.9ms) Inference, (0.0ms) NMS
 The image with the result is saved in: runs\detect\exp\Liverpool_cam04_630_Clip2_vk1_integrated_15_08_23_frame_399.jpg
4 Products, Done. (1444.8ms) Inference, (1.2ms) NMS
 The image with the result is saved in: runs\detect\exp\Liverpool_cam04_630_Clip2_vk1_integrated_15_08_23_frame_400.jpg
4 Products, Done. (893.3ms) Inference, (0.0ms) NMS
 The image with the result is saved in: runs\detect\exp\Liverpool_cam04_630_Clip2_vk1_integrated_15_08_23_frame_402.jpg
4 Products, Done. (843.1ms) Inference, (0.0ms) NMS
 The image with the result is saved in: runs\detect\exp\Liverpool_cam04_630_Clip2_vk1_integrated_15_08_23_frame_403.jpg
1 Swipe_machine, 5 Products, Done. (819.0ms) Inference, (0.0ms) NMS
 The image with the result is saved in: runs\detect\exp\Liverpool_cam04_630_Clip2_vk1_integrated_15_08_23_frame_653.jpg
5 Products, Done. (811.4ms) Inference, (0.0ms) NMS
 The image with the result is saved in: runs\detect\exp\Liverpool_cam04_630_Clip2_vk1_integrated_15_08_23_frame_657.jpg
1 Swipe_machine, 5 Products, Done. (1121.5ms) Inference, (0.0ms) NMS
 The image with the result is saved in: runs\detect\exp\Liverpool_cam04_630_Clip2_vk1_integrated_15_08_23_frame_659.jpg
Done. (12.463s)
YOLOR  51c6b8a torch 2.0.1+cpu CPU

Model Summary: 314 layers, 36497954 parameters, 6194944 gradients
C:\Users\prana\AppData\Roaming\Python\Python311\site-packages\torch\functional.py:504: UserWarning: torch.meshgrid: in an upcoming release, it will be required to pass the indexing argument. (Triggered internally at ..\aten\src\ATen\native\TensorShape.cpp:3484.)
  return _VF.meshgrid(tensors, **kwargs)  # type: ignore[attr-defined]
